[jameskit.wixsite.com/letsplay.html]
[uyugames.com/index.html]
[d8ii.com/index.html]
[octotrip.com/index.html]
[www.ntrigo.com/index.html]
[www.expay.asia/index.html]
[backblue.gif]
[fade.gif]
[index.html]
[fonts.googleapis.com/css9b6f.css]
[www.expay.asia/i/logo.png]
[www.expay.asia/en/api.html]
[www.expay.asia/en/methods.html]
[www.expay.asia/en/contacts.html]
[www.expay.asia/i/logo-big.png]
[www.expay.asia/i/ico-1.png]
[www.expay.asia/i/ico-3.png]
[www.expay.asia/i/ico-4.png]
[www.expay.asia/i/ico-5.png]
[www.expay.asia/i/ico-6.png]
[www.expay.asia/i/ico-2.png]
[www.expay.asia/i/use-1.png]
[www.expay.asia/i/use-2.png]
[www.expay.asia/i/use-3.png]
[www.expay.asia/i/use-4.png]
[www.expay.asia/i/use-5.png]
[www.expay.asia/i/methods/bangkok_bank.png]
[www.expay.asia/i/methods/kasikorn.png]
[www.expay.asia/i/methods/scb-logo.png]
[www.expay.asia/i/methods/bdo.png]
[www.expay.asia/i/methods/UCPB.png]
[www.expay.asia/i/methods/BPI.png]
[www.expay.asia/i/methods/Chinabank.png]
[www.expay.asia/i/methods/lbc.png]
[www.expay.asia/i/methods/Maybank.png]
[www.expay.asia/i/methods/RobinsonsBank.png]
[www.expay.asia/i/methods/EastWest.png]
[www.expay.asia/i/methods/Landbank.png]
[www.expay.asia/i/methods/unionbank.png]
[www.expay.asia/i/methods/metrobank.png]
[www.expay.asia/i/methods/PNB.png]
[www.expay.asia/i/methods/RCBC.png]
[www.expay.asia/i/methods/Security-Bank.png]
[www.expay.asia/i/methods/Sterling-Bank.png]
[www.expay.asia/i/methods/paypallogo.png]
[www.expay.asia/i/methods/wm.png]
[www.expay.asia/i/methods/yamoney_en.png]
[www.expay.asia/i/methods/qiwi.png]
[www.expay.asia/i/methods/EasyPay.png]
[www.expay.asia/i/methods/GlobalMoney.png]
[www.expay.asia/i/methods/FilsPay.png]
[www.expay.asia/i/methods/liqpay.png]
[www.expay.asia/i/methods/bitcoin.png]
[www.expay.asia/i/methods/Gcash.png]
[www.expay.asia/i/methods/iPay.png]
[www.expay.asia/i/methods/boleto.png]
[www.expay.asia/i/1.png]
[www.expay.asia/i/2.png]
[www.expay.asia/i/3.png]
[www.expay.asia/i/4.png]
[www.expay.asia/i/5.png]
[www.expay.asia/en_api.html]
[www.expay.asia/i/ico-15.png]
[www.expay.asia/i/ico-18.png]
[www.expay.asia/i/ico-19.png]
[www.expay.asia/i/ico-13.png]
[www.expay.asia/i/ico-16.png]
[www.expay.asia/i/ico-17.png]
[www.expay.asia/i/ico-14.png]
[www.expay.asia/i/ico-11.png]
[www.expay.asia/i/ico-12.png]
[www.expay.asia/i/ico-20.png]
[www.expay.asia/i/ico-21.png]
[www.expay.asia/i/ico-22.png]
[www.expay.asia/en/privacy.html]
[www.expay.asia/en/terms.html]
[www.expay.asia/index.html]
[www.google-analytics.com/analytics.js]
[www.wix.com/favicon.ico]
[jameskit.wixsite.com/letsplay/feed.xml]
[cdn.ravenjs.com/3.21.0/raven.min.js]
[static.parastorage.com/services/third-party/requirejs/2.1.15/require.min.js]
[static.parastorage.com/services/santa/1.2682.22/app/main-r.min.js]
[static.parastorage.com/unpkg/lodash@4.17.4/lodash.min.js]
[static.parastorage.com/unpkg/zepto@1.2.0/dist/zepto.min.js]
[static.parastorage.com/unpkg/react@15.5.4/dist/react-with-addons.min.js]
[jameskit.wixsite.com/sitemap.5b.delayed]
[jameskit.wixsite.com/feed.xml]
[fonts.googleapis.com/index.html]
[static.wixstatic.com/sites/27666b_70e45a40d655b691c5b43dc925e24c52_285.json30f4.json]
[jameskit.wixsite.com/letsplay.html]
[static.wixstatic.com/sites/27666b_c2898215a41f7c705d4d264179cdf3c5_277.json30f4.json]
[d8ii.com/xmlrpc.php]
[d8ii.com/wp-content/plugins/LayerSlider/static/css/layerslider76f9.css]
[fonts.googleapis.com/css0f22.css]
[d8ii.com/wp-content/plugins/click-to-tweet-by-todaymade/assets/css/styles5859.css]
[d8ii.com/wp-content/plugins/contact-form-7/includes/css/styles4906.css]
[d8ii.com/wp-content/plugins/revslider/public/assets/css/settingsfc61.css]
[d8ii.com/wp-content/themes/uncode/library/css/style.css]
[d8ii.com/comments/feed/index.html]
[d8ii.com/wp-content/themes/uncode/library/css/style-custom.css]
[d8ii.com/wp-content/themes/uncode-child/style.css]
[d8ii.com/wp-content/themes/uncode/library/css/uncode-icons.css]
[fonts.googleapis.com/cssa9a0.css]
[d8ii.com/wp-includes/js/jquery/jquery-migrate.min330a.js]
[d8ii.com/wp-content/plugins/LayerSlider/static/js/layerslider.kreaturamedia.jquery76f9.js]
[d8ii.com/wp-content/plugins/LayerSlider/static/js/layerslider.transitions76f9.js]
[d8ii.com/wp-content/plugins/LayerSlider/static/js/greensockcd11.js]
[d8ii.com/wp-includes/js/jquery/jqueryb8ff.js]
[d8ii.com/feed/index.html]
[d8ii.com/wp-includes/js/mediaelement/mediaelement-migrate.min5859.js]
[d8ii.com/wp-content/themes/uncode/library/js/min/ai-uncode.min.js]
[d8ii.com/wp-content/plugins/revslider/public/assets/js/jquery.themepunch.revolution.minfc61.js]
[d8ii.com/wp-content/plugins/google-analyticator/external-tracking.min380f.js]
[d8ii.com/xmlrpc0db0.php]
[d8ii.com/wp-includes/wlwmanifest.xml]
[d8ii.com/wp-content/plugins/revslider/public/assets/js/jquery.themepunch.tools.minfc61.js]
[d8ii.com/wp-content/themes/uncode/library/js/min/init.min.js]
[d8ii.com/wp-json/oembed/1.0/embed9da2.json]
[d8ii.com/wp-json/index.html]
[d8ii.com/wp-json/oembed/1.0/embed2abe]
[d8ii.com/wp-content/uploads/2016/09/D8-Cutesize.png]
[d8ii.com/wp-includes/js/mediaelement/mediaelement-and-player.min45a0.js]
[connect.facebook.net/en_US/fbevents.js]
[www.facebook.com/tr8d35.gif]
[d8ii.com/wp-content/uploads/2016/09/D8-New-Logo.svg]
[d8ii.com/wp-content/uploads/2017/03/Background-uai-258x131.jpg]
[d8ii.com/wp-content/uploads/2016/09/Logo-YahooNews-1.png]
[d8ii.com/wp-content/uploads/2016/09/Logo-Forbes-Thailand.png]
[d8ii.com/wp-content/uploads/2016/09/Logo-DealStreetAsia-1.png]
[d8ii.com/wp-content/uploads/2016/09/Logo-BangkokPost-1.png]
[d8ii.com/wp-content/uploads/2016/09/Logo-TheNation-1.png]
[d8ii.com/wp-content/uploads/2016/09/Logo-ThaiPr-1.png]
[d8ii.com/wp-content/uploads/2016/09/Logo-e27-1.png]
[d8ii.com/wp-content/uploads/2016/09/Logo-TechInAsia-1.png]
[d8ii.com/wp-content/uploads/2016/09/Logo-TechSause-1.png]
[d8ii.com/wp-content/uploads/2016/09/Logo-BusinessNewsAsia-1.png]
[d8ii.com/wp-content/uploads/2016/09/Logo-Ryt9-1.png]
[d8ii.com/press/index.html]
[d8ii.com/wp-content/uploads/2016/09/Logo-StartupTerminal-1.png]
[d8ii.com/wp-content/uploads/2016/09/Logo-KKNews-1.png]
[d8ii.com/wp-content/uploads/2016/09/Logo-itnews24Hrs-1.png]
[d8ii.com/blog/index.html]
[d8ii.com/wp-content/uploads/2016/09/Logo-Vhteam-1.png]
[d8ii.com/wp-content/uploads/2016/09/Logo-0335gd-1.png]
[d8ii.com/wp-content/uploads/2016/09/Logo-Guronge-1.png]
[d8ii.com/wp-content/uploads/2016/09/Logo-Hupogu-1.png]
[d8ii.com/wp-content/uploads/2017/03/D8ii-Labs-1-uai-258x159.png]
[d8ii.com/wp-content/uploads/2017/03/Image-D8ii-Technology-uai-258x159.png]
[d8ii.com/wp-content/uploads/2017/03/D8ii-Social-Media-uai-258x159.png]
[d8ii.com/wp-content/uploads/2016/09/Mobile-App-Development.png]
[d8ii.com/wp-content/uploads/2016/09/Integrated-Team-Development.png]
[d8ii.com/wp-content/uploads/2017/03/Instagram-Marketing.png]
[d8ii.com/wp-content/uploads/2017/01/Content-Marketing.png]
[d8ii.com/wp-content/uploads/2016/09/IT-Consultancy.png]
[d8ii.com/wp-content/uploads/2016/09/Web-Services.png]
[d8ii.com/wp-content/uploads/2016/09/Built-to-Scale-1.png]
[d8ii.com/wp-content/uploads/2016/09/Experienced-1.png]
[d8ii.com/wp-content/uploads/2016/09/Innovation-Minded-1.png]
[d8ii.com/wp-content/uploads/2016/09/Connected-to-Strategic-Partners-1.png]
[d8ii.com/wp-content/uploads/2016/09/Member-Logo-4.png]
[d8ii.com/careers/index.html]
[d8ii.com/wp-content/uploads/2016/09/Member-Logo-3.png]
[d8ii.com/wp-content/uploads/2016/09/Member-Logo-1.png]
[d8ii.com/wp-content/uploads/2016/09/Member-Logo-5.png]
[d8ii.com/internships/index.html]
[d8ii.com/contact/index.html]
[d8ii.com/wp-content/uploads/2016/09/Member-Logo-2.png]
[d8ii.com/wp-content/uploads/2016/09/Member-Logo-7.png]
[d8ii.com/wp-content/uploads/2016/09/Member-Logo-6.png]
[d8ii.com/wp-includes/js/underscore.min4511.js]
[d8ii.com/wp-content/plugins/uncode-daves-wordpress-live-search/js/daves-wordpress-live-search5859.js]
[d8ii.com/wp-content/plugins/contact-form-7/includes/js/jquery.form.mind03d.js]
[d8ii.com/wp-content/plugins/contact-form-7/includes/js/scripts4906.js]
[d8ii.com/wp-content/plugins/i-recommend-this/js/dot_irecommendthisd315.js]
[d8ii.com/wp-includes/js/mediaelement/wp-mediaelement.min5859.js]
[d8ii.com/index.html]
[d8ii.com/wp-includes/js/wp-embed.min5859.js]
[d8ii.com/wp-content/themes/uncode/library/js/min/app.min.js]
[uyugames.com/images/favicon.ico]
[cdnjs.cloudflare.com/ajax/libs/jquery-validate/1.11.1/jquery.validate.min.js]
[cdnjs.cloudflare.com/ajax/libs/jquery.form/3.32/jquery.form.js]
[code.jquery.com/jquery-latest.min.js]
[d8ii.com/wp-content/themes/uncode/library/js/min/plugins.min.js]
[uyugames.com/js/jquery.poptrox.min.js]
[uyugames.com/js/skel.min.js]
[uyugames.com/js/init.js]
[uyugames.com/css/skel-noscript.css]
[uyugames.com/css/style.css]
[uyugames.com/images/logo_sml.png]
[uyugames.com/images/fulls/01.jpg]
[uyugames.com/images/thumbs/01.jpg]
[uyugames.com/images/fulls/02.jpg]
[uyugames.com/images/thumbs/02.jpg]
[uyugames.com/images/fulls/03.jpg]
[uyugames.com/images/thumbs/03.jpg]
[uyugames.com/images/fulls/04.jpg]
[uyugames.com/images/thumbs/04.jpg]
[uyugames.com/images/fulls/05.jpg]
[uyugames.com/images/thumbs/05.jpg]
[uyugames.com/images/fulls/06.jpg]
[uyugames.com/images/thumbs/06.jpg]
[uyugames.com/index.html]
[octotrip.com/feed/index.html]
[octotrip.com/comments/feed/index.html]
[octotrip.com/wp-content/themes/Divi-child/styleeff2.css]
[octotrip.com/wp-content/themes/Divi/styleeff2.css]
[fonts.googleapis.com/css029a.css]
[octotrip.com/wp-content/themes/Divi-child/styleb246.css]
[octotrip.com/wp-content/themes/Divi/epanel/shortcodes/css/shortcodesb246.css]
[octotrip.com/wp-content/themes/Divi/epanel/shortcodes/css/shortcodes_responsiveb246.css]
[octotrip.com/wp-content/themes/Divi/includes/builder/styles/magnific_popupb246.css]
[octotrip.com/wp-includes/js/jquery/jqueryb8ff.js]
[octotrip.com/wp-includes/js/jquery/jquery-migrate.min330a.js]
[octotrip.com/xmlrpc0db0.php]
[octotrip.com/wp-includes/wlwmanifest.xml]
[octotrip.com/wp-json/oembed/1.0/embed7d91.json]
[octotrip.com/wp-json/oembed/1.0/embedde55]
[wp419dd1f0be61.blob.core.windows.net/wp-media/2016/07/logo-alone-e1469182436867.png]
[octotripwebstorage.blob.core.windows.net/wp-media/2016/08/cropped-cropped-icon-32x32.png]
[octotripwebstorage.blob.core.windows.net/wp-media/2016/08/cropped-cropped-icon-192x192.png]
[octotripwebstorage.blob.core.windows.net/wp-media/2016/08/cropped-cropped-icon-180x180.png]
[wp419dd1f0be61.blob.core.windows.net/wp-media/2016/07/Landingpagelogo.png]
[octotrip.com/about-us/index.html]
[octotrip.com/careers/index.html]
[octotrip.com/contact-us/index.html]
[octotripwebstorage.blob.core.windows.net/wp-media/2017/02/001black.png]
[octotripwebstorage.blob.core.windows.net/wp-media/2017/02/002black.png]
[octotripwebstorage.blob.core.windows.net/wp-media/2017/02/003black.png]
[octotripwebstorage.blob.core.windows.net/wp-media/2017/02/Vision-limitless.jpg]
[octotripwebstorage.blob.core.windows.net/wp-media/2017/02/mockup-launch.png]
[octotripwebstorage.blob.core.windows.net/wp-media/2016/11/octotrip-01-high-resolution-light-300x80.png]
[octotrip.com/terms-of-service/index.html]
[octotrip.com/privacy-policy/index.html]
[octotripwebstorage.blob.core.windows.net/wp-media/2017/02/2000x1000-diag-double-bg-3-1.png]
[octotripwebstorage.blob.core.windows.net/wp-media/2017/02/2000x1000-diag-bg-1.png]
[octotripwebstorage.blob.core.windows.net/wp-media/2017/02/Octotrip-background-landing-page.jpg]
[fonts.googleapis.com/csse674.css]
[fonts.googleapis.com/css465f.css]
[fonts.googleapis.com/cssb3bc.css]
[fonts.googleapis.com/css404c.css]
[fonts.googleapis.com/cssc934.css]
[octotrip.com/wp-content/themes/Divi/includes/builder/scripts/frontend-builder-global-functionsb246.js]
[octotrip.com/wp-content/themes/Divi/includes/builder/scripts/jquery.mobile.custom.minb246.js]
[octotrip.com/wp-content/themes/Divi/js/customb246.js]
[octotrip.com/wp-content/themes/Divi/js/smoothscrollb246.js]
[octotrip.com/wp-content/themes/Divi/includes/builder/scripts/jquery.fitvidsb246.js]
[octotrip.com/wp-content/themes/Divi/includes/builder/scripts/waypoints.minb246.js]
[octotrip.com/wp-content/themes/Divi/includes/builder/scripts/jquery.magnific-popupb246.js]
[octotrip.com/wp-content/themes/Divi/includes/builder/scripts/frontend-builder-scriptsb246.js]
[octotrip.com/index.html]
[octotrip.com/wp-includes/js/wp-embed.mineff2.js]
[www.ntrigo.com/images/favicon.ico]
[fonts.googleapis.com/css5c84.css]
[www.ntrigo.com/css/bootstrap.min.css]
[www.ntrigo.com/css/normalize.min.css]
[www.ntrigo.com/css/font-awesome.min.css]
[www.ntrigo.com/css/animate.css]
[www.ntrigo.com/css/templatemo_misc.css]
[www.ntrigo.com/css/templatemo_style.css]
[www.ntrigo.com/js/vendor/modernizr-2.6.2.min.js]
[www.ntrigo.com/images/slider/slide1.jpg]
[www.ntrigo.com/images/OurTeam.jpg]
[www.ntrigo.com/images/screens.png]
[www.ntrigo.com/images/promotion2.png]
[www.ntrigo.com/images/letter_black.png]
[www.ntrigo.com/images/telephone_black.png]
[www.ntrigo.com/images/address_black.png]
[www.ntrigo.com/careers.html]
[www.ntrigo.com/privacy.html]
[www.ntrigo.com/terms.html]
[www.ntrigo.com/js/vendor/jquery-1.10.1.min.js]
[www.ntrigo.com/js/jquery.easing-1.3.js]
[www.ntrigo.com/js/bootstrap.js]
[www.ntrigo.com/js/plugins.js]
[www.ntrigo.com/js/main.js]
[www.ntrigo.com/index.html]
[www.fourleaf.life/index.html]
[www.fourleaf.life/en/index.html]
[fonts.googleapis.com/css9b6f.css]
[www.expay.asia/i/intro-about.jpg]
[www.expay.asia/i/uml-expay-payee_en.png]
[www.expay.asia/en/api.html]
[www.expay.asia/i/yes.png]
[www.expay.asia/en/methods.html]
[www.expay.asia/en/contacts.html]
[www.expay.asia/en_api.html]
[www.expay.asia/en/privacy.html]
[www.expay.asia/en/terms.html]
[www.expay.asia/i/no.png]
[static.wixstatic.com/index.html]
[fonts.googleapis.com/index.html]
[gmpg.org/xfn/11.html]
[d8ii.com/xmlrpc.php]
[s.w.org/index.html]
[fonts.googleapis.com/css0f22.css]
[fonts.googleapis.com/cssa9a0.css]
[d8ii.com/wp-json/oembed/1.0/embed9bb4.json]
[d8ii.com/wp-json/oembed/1.0/embed3831]
[d8ii.com/wp-content/uploads/2016/10/Logo-Forbes-Thailand.png]
[d8ii.com/wp-content/uploads/2016/09/Logo-TechInAsia.png]
[d8ii.com/wp-content/uploads/2016/09/Logo-DealStreetAsia.png]
[d8ii.com/wp-content/uploads/2016/09/Logo-YahooNews.png]
[d8ii.com/wp-content/uploads/2016/09/Logo-BusinessNewsAsia.png]
[d8ii.com/wp-content/uploads/2016/09/Logo-e27.png]
[d8ii.com/wp-content/uploads/2016/09/Logo-Ryt9.png]
[d8ii.com/wp-content/uploads/2016/09/Logo-36Kr.png]
[d8ii.com/wp-content/uploads/2016/09/Logo-TechSause.png]
[d8ii.com/wp-content/uploads/2016/09/Logo-itnews24Hrs.png]
[d8ii.com/wp-content/uploads/2016/09/Logo-StartupTerminal.png]
[d8ii.com/wp-content/uploads/2016/09/Logo-BangkokPost.png]
[d8ii.com/wp-content/uploads/2016/09/Logo-TheNation.png]
[d8ii.com/wp-content/uploads/2016/09/Logo-KKNews.png]
[d8ii.com/wp-content/uploads/2016/09/Logo-0335gd.png]
[d8ii.com/wp-content/uploads/2016/09/Logo-Guronge.png]
[d8ii.com/wp-content/uploads/2016/09/Logo-AllTopStartups.png]
[d8ii.com/wp-content/uploads/2016/09/Logo-ThaiPr.png]
[d8ii.com/wp-content/uploads/2016/09/Logo-Vhteam.png]
[d8ii.com/press/index.html]
[d8ii.com/wp-content/uploads/2016/09/Logo-Hupogu.png]
[d8ii.com/wp-json/oembed/1.0/embed9020.json]
[d8ii.com/blog/index.html]
[d8ii.com/wp-json/oembed/1.0/embedbc50]
[d8ii.com/blog/feed/index.html]
[d8ii.com/wp-json/oembed/1.0/embedd535.json]
[d8ii.com/wp-json/oembed/1.0/embed3134]
[d8ii.com/wp-content/uploads/2017/04/Career-Image-1-uai-258x167.png]
[d8ii.com/wp-content/uploads/2017/04/Career-Image-2-uai-258x167.png]
[d8ii.com/wp-content/uploads/2017/04/Career-Image-3-uai-258x167.png]
[d8ii.com/wp-content/uploads/2017/04/Career-Image-4-uai-258x167.png]
[d8ii.com/wp-content/uploads/2017/04/Career-Growth-uai-258x166.png]
[d8ii.com/wp-content/uploads/2017/04/Career-Image-6-uai-258x167.png]
[d8ii.com/wp-content/uploads/2017/04/Current-Openings-1.svg]
[d8ii.com/wp-content/uploads/2017/04/Current-Openings-4.svg]
[d8ii.com/wp-content/uploads/2017/04/Current-Openings-2.svg]
[d8ii.com/wp-content/uploads/2017/04/Current-Openings-5.svg]
[d8ii.com/wp-content/uploads/2017/04/Current-Openings-7.svg]
[d8ii.com/wp-content/uploads/2017/04/Current-Openings-3.svg]
[d8ii.com/wp-content/uploads/2017/04/Current-Openings-6.svg]
[d8ii.com/careers/index.html]
[d8ii.com/wp-json/oembed/1.0/embed8c77.json]
[d8ii.com/wp-json/oembed/1.0/embed95bd]
[d8ii.com/wp-content/uploads/2017/04/Itern-2-uai-258x307.png]
[d8ii.com/wp-content/uploads/2017/04/Itern-3-uai-258x307.png]
[d8ii.com/wp-content/uploads/2017/04/Itern-1-uai-258x307.png]
[d8ii.com/wp-content/uploads/2017/04/Itern-Avatar-2.png]
[d8ii.com/wp-content/uploads/2017/04/Itern-Avatar-3.png]
[d8ii.com/wp-content/uploads/2017/04/Itern-Avatar-1.png]
[d8ii.com/internships/index.html]
[d8ii.com/wp-json/oembed/1.0/embed3524.json]
[d8ii.com/wp-json/oembed/1.0/embed3f22]
[d8ii.com/contact/index.html]
[d8ii.com/wp-content/uploads/2017/03/Map-uai-258x159.png]
[octotrip.com/xmlrpc.php]
[fonts.googleapis.com/css029a.css]
[octotrip.com/wp-json/index.html]
[octotrip.com/wp-json/oembed/1.0/embeda934.json]
[octotrip.com/about-us/index.html]
[octotrip.com/wp-json/oembed/1.0/embed2c3f]
[octotrip.com/wp-json/oembed/1.0/embed5a9e.json]
[octotrip.com/careers/index.html]
[octotrip.com/wp-json/oembed/1.0/embedc95a]
[octotrip.com/wp-json/oembed/1.0/embed57ab.json]
[octotrip.com/contact-us/index.html]
[octotrip.com/wp-json/oembed/1.0/embede858]
[octotrip.com/wp-json/oembed/1.0/embed300c.json]
[octotrip.com/terms-of-service/index.html]
[octotrip.com/wp-json/oembed/1.0/embed2897]
[octotrip.com/wp-json/oembed/1.0/embed7606.json]
[octotrip.com/privacy-policy/index.html]
[fonts.googleapis.com/csse674.css]
[fonts.googleapis.com/css465f.css]
[fonts.googleapis.com/cssb3bc.css]
[fonts.googleapis.com/css404c.css]
[fonts.googleapis.com/cssc934.css]
[fonts.googleapis.com/css5c84.css]
[www.ntrigo.com/careers.html]
[www.ntrigo.com/privacy.html]
[www.ntrigo.com/terms.html]
[octotrip.com/wp-json/oembed/1.0/embed4d5a]
[www.fourleaf.life/wp-content/themes/fourleaf/images/favicon.png]
[www.fourleaf.life/wp-content/themes/fourleaf/css/bootstrap.min.css]
[www.fourleaf.life/wp-content/themes/fourleaf/css/font-awesome.min.css]
[www.fourleaf.life/wp-content/themes/fourleaf/css/swipebox.css]
[www.fourleaf.life/wp-content/themes/fourleaf/css/style.css]
[www.fourleaf.life/wp-content/plugins/contact-form-7/includes/css/styles20fd.css]
[www.fourleaf.life/wp-content/plugins/rs-likes/public/css/rs-likes-public8a54.css]
[www.fourleaf.life/en/page/2/index.html]
[s7.addthis.com/index.html]
[www.fourleaf.life/wp-content/plugins/wc-responsive-video/includes/css/style252d.css]
[www.fourleaf.life/wp-content/plugins/addthis/frontend/build/addthis_wordpress_public.minae9e.css]
[www.fourleaf.life/wp-content/plugins/youtube-embed-plus/styles/ytprefs.minae9e.css]
[www.fourleaf.life/xmlrpc0db0.php]
[www.fourleaf.life/en/wp-json/index.html]
[www.fourleaf.life/wp-includes/wlwmanifest.xml]
[www.fourleaf.life/wp-content/uploads/2016/12/bampot-jamie.jpg]
[www.fourleaf.life/wp-content/uploads/2017/12/Le-Patitoh.jpg]
[www.fourleaf.life/wp-content/uploads/2017/11/GypsyRawai-Phuket-owner.jpg]
[www.fourleaf.life/en/index.html]
[gmpg.org/xfn/.html]
[gmpg.org/xfn/intro.html]
[gmpg.org/xfn/faq.html]
[d8ii.com/index4ccd.html]
[d8ii.com/indexe989.html]
[d8ii.com/index9650.html]
[d8ii.com/index1b7e.html]
[d8ii.com/index63cd.html]
[octotrip.com/indexd89f.html]
[octotrip.com/indexaf0b.html]
[octotrip.com/indexe6c7.html]
[octotrip.com/indexcbc2.html]
[octotrip.com/index0c5d.html]
[connect.facebook.net/en_US/sdk.js]
[www.zanroo.com/index.html]
[www.zanroo.com/apple-touch-icon.17a.delayed]
[www.zanroo.com/favicon-32x32.png]
[www.zanroo.com/favicon-16x16.png]
[www.zanroo.com/manifest.json]
[www.zanroo.com/safari-pinned-tab.svg]
[www.zanroo.com/wp-content/uploads/2017/03/howzanroowork.png]
[www.zanroo.com/wp-content/uploads/2009/03/dogpopcorn.png]
[www.zanroo.com/wp-content/uploads/2009/03/popcorn1.png]
[www.zanroo.com/wp-content/uploads/2009/03/popcorn2.png]
[www.zanroo.com/wp-content/uploads/2009/03/popcorn3.png]
[www.zanroo.com/wp-content/uploads/2017/03/icon_brandevaluation.png]
[www.zanroo.com/wp-content/uploads/2017/03/icon_marketbenchmark.png]
[www.zanroo.com/wp-content/uploads/2017/03/icon_campaignmanagement.png]
[www.zanroo.com/wp-content/uploads/2017/03/icon_influenceranalytics.png]
[www.zanroo.com/wp-content/uploads/2017/03/icon_crisismanagement.png]
[www.zanroo.com/th/index.html]
[www.zanroo.com/wp-content/uploads/2017/03/icon_demandtracking.png]
[www.zanroo.com/wp-content/uploads/2017/03/icon_callcenter.png]
[www.zanroo.com/wp-content/uploads/2017/03/icon_onscreen.png]
[www.zanroo.com/wp-content/uploads/2017/03/icon_onmobile.png]
[www.zanroo.com/wp-content/uploads/2017/03/label_appstore.png]
[www.zanroo.com/wp-content/uploads/2017/03/label_googleplay.png]
[www.zanroo.com/wp-content/uploads/2009/03/dog.png]
[www.zanroo.com/wp-content/uploads/2009/03/cellphone1.png]
[www.zanroo.com/wp-content/uploads/2009/03/cellphone2.png]
[www.zanroo.com/wp-content/uploads/2009/03/graphic1.png]
[www.zanroo.com/ja/index.html]
[www.zanroo.com/wp-content/uploads/2009/03/graphic2.png]
[www.zanroo.com/wp-content/uploads/2017/03/icon_sociallistening.png]
[www.zanroo.com/wp-content/uploads/2017/03/icon_socialengagement.png]
[www.zanroo.com/wp-content/uploads/2017/03/icon_socialresearch.png]
[www.zanroo.com/wp-content/uploads/2017/03/icon_insight.png]
[www.zanroo.com/wp-content/uploads/2017/03/icon_relationship.png]
[www.zanroo.com/wp-content/uploads/2017/03/icon_business.png]
[www.zanroo.com/wp-content/uploads/2009/03/dog2.png]
[www.zanroo.com/wp-content/uploads/2009/03/desktop.png]
[www.zanroo.com/wp-content/uploads/2009/03/element1.png]
[www.zanroo.com/wp-content/uploads/2009/03/element2.png]
[www.zanroo.com/wp-content/uploads/2009/03/element3.png]
[www.zanroo.com/wp-content/uploads/2009/03/element4.png]
[www.zanroo.com/wp-content/uploads/2009/03/element5.png]
[www.zanroo.com/wp-content/uploads/2017/03/icon_fast.png]
[www.zanroo.com/wp-content/uploads/2017/03/icon_widest.png]
[www.zanroo.com/wp-content/uploads/2017/03/icon_deepest.png]
[fonts.googleapis.com/cssc317.css]
[www.zanroo.com/wp-content/plugins/simple-job-board/public/css/font-awesome.min1849.css]
[www.zanroo.com/wp-content/plugins/simple-job-board/public/css/jquery-ui35d0.css]
[www.zanroo.com/wp-content/plugins/simple-job-board/public/css/simple-job-board-public6e0e.css]
[www.zanroo.com/wp-content/plugins/sitepress-multilingual-cms/templates/language-switchers/legacy-dropdown/style68b3.css]
[www.zanroo.com/wp-content/plugins/wysija-newsletters/css/validationEngine.jqueryb246.css]
[www.zanroo.com/wp-content/plugins/wordpress-popular-posts/style/wpp7984.css]
[www.zanroo.com/wp-content/plugins/wr-megamenu/assets/3rd-party/bs3/bootstrap/css/bootstrap.min6e0e.css]
[www.zanroo.com/wp-content/plugins/wr-megamenu/assets/3rd-party/bs3/font-icomoon/css/icomoon.css]
[www.zanroo.com/wp-content/plugins/wr-megamenu/assets/3rd-party/font-awesome/css/font-awesome.minb2f9.css]
[www.zanroo.com/wp-content/plugins/wr-megamenu/assets/css/frontend.css]
[www.zanroo.com/wp-includes/js/jquery/jqueryb8ff.js]
[www.zanroo.com/wp-includes/js/jquery/jquery-migrate.min330a.js]
[www.zanroo.com/wp-content/plugins/sitepress-multilingual-cms/templates/language-switchers/legacy-dropdown/script68b3.js]
[www.zanroo.com/wp-content/plugins/widgetkit/cache/uikit2-44ac5bdaee45.js]
[www.zanroo.com/wp-content/plugins/widgetkit/cache/wk-scripts-ba715a6cee45.js]
[www.zanroo.com/xmlrpc0db0.php]
[www.zanroo.com/wp-includes/wlwmanifest.xml]
[www.zanroo.com/wp-json/index.html]
[www.zanroo.com/wp-json/oembed/1.0/embed676e.json]
[www.zanroo.com/wp-json/oembed/1.0/embed5766]
[www.zanroo.com/wp-content/themes/yoo_master2_wp/css/theme.css]
[www.zanroo.com/wp-content/themes/yoo_master2_wp/css/custom.css]
[www.zanroo.com/wp-content/themes/yoo_master2_wp/warp/vendor/uikit/js/uikit.js]
[www.zanroo.com/wp-content/themes/yoo_master2_wp/warp/vendor/uikit/js/components/autocomplete.js]
[www.zanroo.com/wp-content/themes/yoo_master2_wp/warp/vendor/uikit/js/components/search.js]
[www.zanroo.com/wp-content/themes/yoo_master2_wp/warp/vendor/uikit/js/components/tooltip.js]
[www.zanroo.com/wp-content/themes/yoo_master2_wp/warp/vendor/uikit/js/components/parallax.js]
[www.zanroo.com/wp-content/themes/yoo_master2_wp/warp/js/social.js]
[www.zanroo.com/wp-content/themes/yoo_master2_wp/js/retina.js]
[www.zanroo.com/wp-content/themes/yoo_master2_wp/js/player.js]
[www.zanroo.com/wp-content/themes/yoo_master2_wp/js/theme.js]
[www.zanroo.com/wp-content/uploads/zanroo/zanroo_logo.png]
[www.zanroo.com/wp-content/plugins/sitepress-multilingual-cms/res/flags/en.png]
[www.zanroo.com/wp-content/plugins/sitepress-multilingual-cms/res/flags/th.png]
[www.zanroo.com/wp-content/plugins/sitepress-multilingual-cms/res/flags/ja.png]
[www.zanroo.com/wp-content/uploads/2017/04/icon_brandevaluation.png]
[www.zanroo.com/wp-content/uploads/2017/04/icon_marketbenchmark.png]
[www.zanroo.com/wp-content/uploads/2017/04/icon_campaignmanagement.png]
[www.zanroo.com/wp-content/uploads/2017/04/icon_influenceranalytics.png]
[www.zanroo.com/wp-content/uploads/2017/04/icon_crisismanagement.png]
[www.zanroo.com/wp-content/uploads/2017/04/icon_callcenter.png]
[demo.zanroo.com/wp-content/uploads/2009/03/icon_inzight_library.1ce.delayed]
[www.zanroo.com/request-demo/index.html]
[demo.zanroo.com/wp-content/uploads/2009/03/icon_industry-inzight.1cf.delayed]
[www.zanroo.com/category/inzight/index.html]
[demo.zanroo.com/wp-content/uploads/2009/03/icon_case_inzight.1d0.delayed]
[www.zanroo.com/wp-content/uploads/2017/03/header_slide2-2.png]
[www.zanroo.com/wp-content/uploads/2009/03/header_slide2-3.png]
[www.zanroo.com/category/inzight/inzight-libraries/index.html]
[www.zanroo.com/wp-content/uploads/2009/03/header_slide2-4-1.png]
[www.zanroo.com/category/inzight/industry-inzight/index.html]
[www.zanroo.com/wp-content/uploads/2009/03/zanroo_logo_footer.png]
[www.zanroo.com/category/inzight/case-inzight/index.html]
[www.zanroo.com/about/index.html]
[www.zanroo.com/about/work-with-us/index.html]
[www.zanroo.com/wp-content/uploads/2017/03/footer-iso.png]
[www.zanroo.com/wp-content/plugins/wr-megamenu/themes/default/default5152.css]
[www.zanroo.com/wp-content/plugins/wr-megamenu/assets/3rd-party/bs3/bootstrap/js/bootstrap_frontend.min5b75.js]
[www.zanroo.com/wp-content/plugins/wr-megamenu/assets/js/frontend.js]
[www.zanroo.com/wp-includes/js/wp-embed.minee45.js]
[www.zanroo.com/wp-content/plugins/sitepress-multilingual-cms/res/js/sitepressee45.js]
[www.zanroo.com/wp-content/plugins/wysija-newsletters/js/validate/languages/jquery.validationEngine-enb246.js]
[www.zanroo.com/wp-content/plugins/wysija-newsletters/js/validate/jquery.validationEngineb246.js]
[www.zanroo.com/index.html]
[www.fourleaf.life/en/page/2/index.html]
[www.zanroo.com/wp-content/plugins/wysija-newsletters/js/front-subscribersb246.js]
[s7.addthis.com/index.html]
[www.zanroo.com/th/wp-json/index.html]
[www.zanroo.com/th/wp-json/oembed/1.0/embed88b6.json]
[www.zanroo.com/th/wp-json/oembed/1.0/embed672a]
[www.zanroo.com/wp-content/themes/yoo_master2_wp/css/th.css]
[www.zanroo.com/wp-content/uploads/2009/03/header_slide1_th.png]
[www.zanroo.com/wp-content/uploads/2009/03/header_slide2_th.png]
[www.zanroo.com/wp-content/uploads/2009/03/header_slide3_th.png]
[www.zanroo.com/th/index.html]
[www.zanroo.com/wp-content/uploads/2009/03/howzanroowork_th.png]
[www.zanroo.com/ja/wp-json/oembed/1.0/embed6809.json]
[www.zanroo.com/ja/wp-json/index.html]
[www.zanroo.com/ja/wp-json/oembed/1.0/embed2778]
[www.zanroo.com/wp-content/themes/yoo_master2_wp/css/ja.css]
[www.zanroo.com/wp-content/uploads/2009/03/header_slide1_ja.png]
[www.zanroo.com/wp-content/uploads/2009/03/header_slide2_ja.png]
[www.zanroo.com/wp-content/uploads/2009/03/header_slide3_ja.png]
[www.zanroo.com/ja/index.html]
[www.zanroo.com/wp-content/uploads/2009/03/howzanroowork_ja.png]
[fonts.googleapis.com/cssc317.css]
[www.zanroo.com/th/request-demo/index.html]
[www.zanroo.com/wp-json/oembed/1.0/embeddc9d.json]
[www.zanroo.com/ja/request-demo/index.html]
[www.zanroo.com/wp-json/oembed/1.0/embedcb6a]
[www.zanroo.com/wp-content/uploads/2017/07/header_requestdemo.png]
[www.zanroo.com/request-demo/index.html]
[www.zanroo.com/products/brand-evaluation/index.html]
[www.zanroo.com/products/industry-competition/index.html]
[www.zanroo.com/products/campaign-optimization/index.html]
[www.zanroo.com/products/influencer-analytics/index.html]
[www.zanroo.com/products/crisis-management/index.html]
[www.zanroo.com/products/online-call-center/index.html]
[www.zanroo.com/wp-content/uploads/2017/03/icon_paperplane_gray.png]
[www.zanroo.com/wp-content/uploads/2017/03/header_background_detailpage.png]
[www.zanroo.com/wp-content/uploads/2017/07/Header_image-1.jpg]
[www.zanroo.com/th/category/inzight-th/index.html]
[www.zanroo.com/wp-content/uploads/2017/07/SEA_Games_2017_Header_Image.jpg]
[www.zanroo.com/wp-content/uploads/2017/07/Taishiro-san_with_students.jpg]
[www.zanroo.com/wp-content/uploads/2017/07/International_7_Header.jpg]
[www.zanroo.com/category/inzight/page/2/index.html]
[www.zanroo.com/category/inzight/index.html]
[www.zanroo.com/wp-content/uploads/2017/07/Team-Building-Pic2.jpg]
[www.zanroo.com/wp-content/uploads/2009/03/group_pix-1.jpg]
[www.zanroo.com/wp-content/uploads/2017/05/The-Founders_feature-1.jpg]
[www.zanroo.com/category/inzight/inzight-libraries/index.html]
[www.zanroo.com/category/inzight/feed/index.html]
[www.zanroo.com/ja/category/inzight-ja/index.html]
[www.zanroo.com/th/category/inzight-th/inzight-libraries-th/index.html]
[www.zanroo.com/wp-content/uploads/2017/07/zanroo_media_prima_digital_03.jpg]
[www.zanroo.com/category/inzight/industry-inzight/index.html]
[www.zanroo.com/ja/category/inzight-ja/inzight-libraries-ja/index.html]
[www.zanroo.com/wp-content/uploads/2017/05/POE-Feature.jpg]
[www.zanroo.com/wp-content/uploads/2017/05/Hootsuite_Feature.jpg]
[www.zanroo.com/category/inzight/case-inzight/index.html]
[www.zanroo.com/category/inzight/inzight-libraries/feed/index.html]
[www.zanroo.com/category/inzight/inzight-libraries/page/2/index.html]
[www.zanroo.com/th/category/inzight-th/industry-inzight-th/index.html]
[www.zanroo.com/ja/category/inzight-ja/industry-inzight-ja/index.html]
[www.zanroo.com/wp-json/oembed/1.0/embeddf43.json]
[www.zanroo.com/category/inzight/industry-inzight/page/2/index.html]
[www.zanroo.com/category/inzight/industry-inzight/feed/index.html]
[www.zanroo.com/th/category/inzight-th/case-inzight-th/index.html]
[www.zanroo.com/wp-json/oembed/1.0/embed0768]
[www.zanroo.com/wp-content/uploads/2009/03/header_aboutus.png]
[www.zanroo.com/ja/category/inzight-ja/case-inzight-ja/index.html]
[www.zanroo.com/wp-content/uploads/2017/03/icon_ourstory.png]
[www.zanroo.com/category/inzight/case-inzight/feed/index.html]
[www.zanroo.com/wp-content/uploads/2017/03/icon_visionmission.png]
[www.zanroo.com/wp-content/uploads/2017/03/icon_certification.png]
[www.zanroo.com/wp-content/uploads/2017/03/timeline.png]
[www.zanroo.com/wp-content/uploads/2009/03/Timeline_2009.jpg]
[www.zanroo.com/wp-content/uploads/2009/03/Timeline_2013.jpg]
[www.zanroo.com/wp-content/uploads/2009/03/Timeline_2014.jpg]
[www.zanroo.com/wp-content/uploads/2009/03/Timeline_2015.jpg]
[www.zanroo.com/wp-content/uploads/2009/03/Timeline_2016.jpg]
[www.zanroo.com/th/about/index.html]
[www.zanroo.com/wp-content/uploads/2009/03/rsz_loreal-logo-final.png]
[www.zanroo.com/wp-content/uploads/2009/03/rsz_pepsico-symbol.png]
[www.zanroo.com/wp-content/uploads/2009/03/rsz_1cp.png]
[www.zanroo.com/wp-content/uploads/2017/03/icon_thai.png]
[www.zanroo.com/wp-content/uploads/2017/03/icon_malaysia.png]
[www.zanroo.com/ja/about/index.html]
[www.zanroo.com/wp-content/uploads/2017/03/icon_singapore.png]
[www.zanroo.com/wp-content/uploads/2017/03/icon_uk.png]
[www.zanroo.com/wp-content/uploads/2017/03/icon_japan.png]
[maxcdn.bootstrapcdn.com/font-awesome/4.6.3/css/font-awesome.minee45.css]
[www.zanroo.com/wp-content/plugins/cool-timeline/css/ctl_styles.css]
[www.zanroo.com/wp-content/plugins/cool-timeline/css/animate.min.css]
[www.zanroo.com/about/index.html]
[www.zanroo.com/wp-content/plugins/cool-timeline/css/prettyPhoto.css]
[www.zanroo.com/th/about/work-with-us/index.html]
[www.zanroo.com/wp-json/oembed/1.0/embed24ce.json]
[www.zanroo.com/ja/about/work-with-us/index.html]
[www.zanroo.com/about/work-with-us/index.html]
[www.zanroo.com/products/brand-evalution/index.html]
[www.zanroo.com/products/campaign-management/index.html]
[www.zanroo.com/products/demand-tracking/index.html]
[www.zanroo.com/homepage/brand-evaluation/index.html]
[www.zanroo.com/homepage/industry-competition/index.html]
[www.zanroo.com/homepage/campaign-optimization/index.html]
[www.zanroo.com/homepage/influencer-analytics/index.html]
[www.zanroo.com/homepage/crisis-management/index.html]
[www.zanroo.com/homepage/online-call-center/index.html]
[www.zanroo.com/contact-us/index.html]
[www.zanroo.com/th/request-demo/index.html]
[www.zanroo.com/ja/request-demo/index.html]
[www.zanroo.com/index0865.html]
[www.zanroo.com/th/category/inzight-th/index.html]
[www.zanroo.com/ja/category/inzight-ja/index.html]
[www.zanroo.com/category/inzight/page/2/index.html]
[www.zanroo.com/th/category/inzight-th/inzight-libraries-th/index.html]
[www.zanroo.com/ja/category/inzight-ja/inzight-libraries-ja/index.html]
[www.zanroo.com/category/inzight/inzight-libraries/page/2/index.html]
[www.zanroo.com/th/category/inzight-th/industry-inzight-th/index.html]
[www.zanroo.com/ja/category/inzight-ja/industry-inzight-ja/index.html]
[www.zanroo.com/category/inzight/industry-inzight/page/2/index.html]
[www.zanroo.com/th/category/inzight-th/case-inzight-th/index.html]
[www.zanroo.com/ja/category/inzight-ja/case-inzight-ja/index.html]
[www.zanroo.com/th/about/index.html]
[www.zanroo.com/ja/about/index.html]
[www.zanroo.com/index4ab5.html]
[www.zanroo.com/th/about/work-with-us/index.html]
[www.zanroo.com/ja/about/work-with-us/index.html]
[www.zanroo.com/indexbe54.html]
[www.zanroo.com/wp-json/oembed/1.0/embed6c85]
[default_fourleaf_life/en/index.html]
[default_fourleaf_life/th/index.html]
[www.expay.asia/i/logo-big.png]
[www.expay.asia/i/ico-1.png]
[www.expay.asia/i/logo.png]
[www.expay.asia/i/ico-3.png]
[www.expay.asia/i/ico-4.png]
[www.expay.asia/css/flat-ui.css]
[www.expay.asia/i/ico-5.png]
[www.expay.asia/i/ico-2.png]
[www.expay.asia/css/responsive-tabs.css]
[www.expay.asia/i/ico-6.png]
[www.expay.asia/i/use-1.png]
[www.expay.asia/en/api.html]
[www.expay.asia/i/use-2.png]
[www.expay.asia/i/use-3.png]
[www.expay.asia/en_api.html]
[www.expay.asia/i/use-4.png]
[jameskit.wixsite.com/letsplay/feed.xml]
[www.expay.asia/en/privacy.html]
[www.expay.asia/i/ico-15.png]
[www.expay.asia/i/ico-18.png]
[www.wix.com/favicon.ico]
[www.expay.asia/js/script.js]
[www.expay.asia/js/parsley.min.js]
[www.expay.asia/js/responsive-tabs.js]
[d8ii.com/feed/index.html]
[www.expay.asia/js/niceCheckbox.js]
[d8ii.com/comments/feed/index.html]
[www.expay.asia/js/prism.js]
[static.parastorage.com/services/third-party/requirejs/2.1.15/require.min.js]
[static.parastorage.com/polyfill/v2/polyfill.minacc0.html]
[static.parastorage.com/services/santa/1.2682.22/app/main-r.min.js]
[d8ii.com/wp-json/index.html]
[d8ii.com/wp-content/uploads/2016/09/D8-Cutesize.png]
[d8ii.com/wp-content/uploads/2017/03/Background-uai-258x131.jpg]
[d8ii.com/wp-content/uploads/2016/09/Logo-YahooNews-1.png]
[d8ii.com/wp-content/uploads/2016/09/Logo-Forbes-Thailand.png]
[d8ii.com/wp-content/uploads/2016/09/Logo-DealStreetAsia-1.png]
[d8ii.com/wp-content/uploads/2016/09/Logo-BangkokPost-1.png]
[d8ii.com/wp-content/uploads/2016/09/Logo-TheNation-1.png]
[d8ii.com/wp-content/uploads/2016/09/Logo-ThaiPr-1.png]
[d8ii.com/wp-content/uploads/2016/09/Logo-e27-1.png]
[d8ii.com/wp-content/uploads/2016/09/Logo-TechInAsia-1.png]
[d8ii.com/wp-content/uploads/2016/09/Logo-TechSause-1.png]
[d8ii.com/wp-content/uploads/2016/09/Logo-BusinessNewsAsia-1.png]
[d8ii.com/wp-content/uploads/2016/09/Logo-Ryt9-1.png]
[d8ii.com/wp-content/uploads/2016/09/Logo-StartupTerminal-1.png]
[d8ii.com/wp-content/uploads/2016/09/Logo-KKNews-1.png]
[d8ii.com/wp-content/uploads/2016/09/Logo-itnews24Hrs-1.png]
[d8ii.com/wp-content/uploads/2016/09/Logo-Vhteam-1.png]
[d8ii.com/wp-content/uploads/2016/09/Logo-0335gd-1.png]
[d8ii.com/wp-content/uploads/2016/09/Logo-Guronge-1.png]
[d8ii.com/wp-content/uploads/2016/09/Logo-Hupogu-1.png]
[d8ii.com/wp-content/uploads/2017/03/D8ii-Labs-1-uai-258x159.png]
[d8ii.com/wp-content/uploads/2017/03/Image-D8ii-Technology-uai-258x159.png]
[d8ii.com/wp-content/uploads/2017/03/D8ii-Social-Media-uai-258x159.png]
[d8ii.com/wp-content/uploads/2016/09/Mobile-App-Development.png]
[d8ii.com/wp-content/uploads/2016/09/Integrated-Team-Development.png]
[d8ii.com/wp-content/uploads/2017/03/Instagram-Marketing.png]
[d8ii.com/wp-content/uploads/2017/01/Content-Marketing.png]
[d8ii.com/wp-content/uploads/2016/09/IT-Consultancy.png]
[d8ii.com/wp-content/uploads/2016/09/Web-Services.png]
[d8ii.com/wp-content/uploads/2016/09/Built-to-Scale-1.png]
[d8ii.com/wp-content/uploads/2016/09/Experienced-1.png]
[d8ii.com/wp-content/uploads/2016/09/Innovation-Minded-1.png]
[d8ii.com/wp-content/uploads/2016/09/Connected-to-Strategic-Partners-1.png]
[d8ii.com/wp-content/uploads/2016/09/Member-Logo-4.png]
[d8ii.com/wp-content/uploads/2016/09/Member-Logo-3.png]
[d8ii.com/wp-content/uploads/2016/09/Member-Logo-1.png]
[d8ii.com/wp-content/uploads/2016/09/Member-Logo-5.png]
[d8ii.com/wp-content/uploads/2016/09/Member-Logo-2.png]
[d8ii.com/wp-content/uploads/2016/09/Member-Logo-7.png]
[d8ii.com/wp-content/uploads/2016/09/Member-Logo-6.png]
[code.jquery.com/jquery-latest.min.js]
[cdnjs.cloudflare.com/ajax/libs/jquery.form/3.32/jquery.form.js]
[cdnjs.cloudflare.com/ajax/libs/jquery-validate/1.11.1/jquery.validate.min.js]
[octotrip.com/feed/index.html]
[octotrip.com/xmlrpc0db0.php]
[octotrip.com/wp-includes/wlwmanifest.xml]
[octotrip.com/wp-json/oembed/1.0/embed7d91.json]
[octotrip.com/wp-json/oembed/1.0/embedde55]
[wp419dd1f0be61.blob.core.windows.net/wp-media/2016/07/logo-alone-e1469182436867.png]
[octotrip.com/comments/feed/index.html]
[octotripwebstorage.blob.core.windows.net/wp-media/2016/08/cropped-cropped-icon-180x180.png]
[jameskit.wixsite.com/sitemap.html]
[jameskit.wixsite.com/feed.html]
[octotripwebstorage.blob.core.windows.net/wp-media/2016/08/cropped-cropped-icon-32x32.png]
[d8ii.com/wp-content/plugins/LayerSlider/static/css/layerslider76f9.css]
[octotripwebstorage.blob.core.windows.net/wp-media/2016/08/cropped-cropped-icon-192x192.png]
[d8ii.com/wp-content/plugins/click-to-tweet-by-todaymade/assets/css/styles5859.css]
[wp419dd1f0be61.blob.core.windows.net/wp-media/2016/07/Landingpagelogo.png]
[d8ii.com/wp-content/plugins/contact-form-7/includes/css/styles4906.css]
[octotripwebstorage.blob.core.windows.net/wp-media/2017/02/Vision-limitless.jpg]
[d8ii.com/wp-content/plugins/revslider/public/assets/css/settingsfc61.css]
[octotripwebstorage.blob.core.windows.net/wp-media/2017/02/001black.png]
[d8ii.com/wp-content/themes/uncode/library/css/style.css]
[octotripwebstorage.blob.core.windows.net/wp-media/2017/02/mockup-launch.png]
[d8ii.com/wp-content/themes/uncode/library/css/style-custom.css]
[octotripwebstorage.blob.core.windows.net/wp-media/2017/02/002black.png]
[d8ii.com/wp-content/themes/uncode-child/style.css]
[octotripwebstorage.blob.core.windows.net/wp-media/2017/02/003black.png]
[d8ii.com/wp-content/themes/uncode/library/css/uncode-icons.css]
[octotripwebstorage.blob.core.windows.net/wp-media/2017/02/Octotrip-background-landing-page.jpg]
[connect.facebook.net/en_US/fbevents.js]
[d8ii.com/wp-content/uploads/2016/09/D8-New-Logo.svg]
[uyugames.com/css/skel-noscript.css]
[uyugames.com/css/style.css]
[octotrip.com/xmlrpc.php]
[octotrip.com/wp-content/themes/Divi/styleeff2.css]
[octotrip.com/wp-content/themes/Divi-child/styleeff2.css]
[octotrip.com/wp-content/themes/Divi-child/styleb246.css]
[octotrip.com/wp-content/themes/Divi/epanel/shortcodes/css/shortcodesb246.css]
[octotrip.com/wp-content/themes/Divi/epanel/shortcodes/css/shortcodes_responsiveb246.css]
[octotrip.com/wp-content/themes/Divi/includes/builder/styles/magnific_popupb246.css]
[octotrip.com/wp-includes/js/jquery/jqueryb8ff.js]
[octotrip.com/wp-includes/js/jquery/jquery-migrate.min330a.js]
[octotrip.com/about-us/index.html]
[octotrip.com/terms-of-service/index.html]
[fonts.googleapis.com/csse674.css]
[octotripwebstorage.blob.core.windows.net/wp-media/2017/02/2000x1000-diag-double-bg-3-1.png]
[octotrip.com/wp-content/themes/Divi/includes/builder/scripts/frontend-builder-global-functionsb246.js]
[octotripwebstorage.blob.core.windows.net/wp-media/2016/11/octotrip-01-high-resolution-light-300x80.png]
[octotrip.com/wp-content/themes/Divi/includes/builder/scripts/jquery.mobile.custom.minb246.js]
[octotripwebstorage.blob.core.windows.net/wp-media/2017/02/2000x1000-diag-bg-1.png]
[octotrip.com/wp-content/themes/Divi/js/customb246.js]
[www.expay.asia/i/intro-about.jpg]
[octotrip.com/wp-content/themes/Divi/js/smoothscrollb246.js]
[octotrip.com/wp-content/themes/Divi/includes/builder/scripts/jquery.fitvidsb246.js]
[octotrip.com/wp-content/themes/Divi/includes/builder/scripts/waypoints.minb246.js]
[d8ii.com/wp-content/uploads/2016/10/Logo-Forbes-Thailand.png]
[octotrip.com/wp-content/themes/Divi/includes/builder/scripts/jquery.magnific-popupb246.js]
[d8ii.com/wp-content/uploads/2016/09/Logo-TechInAsia.png]
[octotrip.com/wp-content/themes/Divi/includes/builder/scripts/frontend-builder-scriptsb246.js]
[d8ii.com/wp-content/uploads/2016/09/Logo-DealStreetAsia.png]
[octotrip.com/wp-includes/js/wp-embed.mineff2.js]
[fonts.googleapis.com/css5c84.css]
[d8ii.com/wp-content/uploads/2016/09/Logo-YahooNews.png]
[www.ntrigo.com/css/bootstrap.min.css]
[d8ii.com/wp-content/uploads/2016/09/Logo-BusinessNewsAsia.png]
[www.ntrigo.com/css/normalize.min.css]
[d8ii.com/wp-content/uploads/2016/09/Logo-e27.png]
[www.ntrigo.com/css/font-awesome.min.css]
[www.expay.asia/i/uml-expay-payee_en.png]
[d8ii.com/wp-content/uploads/2016/09/Logo-Ryt9.png]
[www.ntrigo.com/css/animate.css]
[www.expay.asia/i/yes.png]
[www.ntrigo.com/css/templatemo_misc.css]
[d8ii.com/wp-content/uploads/2016/09/Logo-36Kr.png]
[www.ntrigo.com/css/templatemo_style.css]
[d8ii.com/wp-content/uploads/2016/09/Logo-TechSause.png]
[d8ii.com/wp-content/uploads/2016/09/Logo-itnews24Hrs.png]
[d8ii.com/wp-content/uploads/2016/09/Logo-StartupTerminal.png]
[www.ntrigo.com/careers.html]
[d8ii.com/wp-content/uploads/2016/09/Logo-BangkokPost.png]
[d8ii.com/wp-content/uploads/2016/09/Logo-TheNation.png]
[d8ii.com/wp-content/uploads/2016/09/Logo-KKNews.png]
[d8ii.com/wp-content/uploads/2016/09/Logo-0335gd.png]
[d8ii.com/wp-content/uploads/2016/09/Logo-Guronge.png]
[d8ii.com/wp-content/uploads/2016/09/Logo-AllTopStartups.png]
[d8ii.com/wp-content/uploads/2016/09/Logo-ThaiPr.png]
[d8ii.com/wp-content/uploads/2016/09/Logo-Vhteam.png]
[d8ii.com/wp-content/uploads/2016/09/Logo-Hupogu.png]
[d8ii.com/blog/feed/index.html]
[d8ii.com/wp-content/uploads/2017/04/Career-Image-1-uai-258x167.png]
[d8ii.com/wp-content/uploads/2017/04/Career-Image-2-uai-258x167.png]
[d8ii.com/wp-content/uploads/2017/04/Career-Image-3-uai-258x167.png]
[d8ii.com/wp-content/uploads/2017/04/Career-Image-4-uai-258x167.png]
[d8ii.com/wp-content/uploads/2017/04/Career-Growth-uai-258x166.png]
[d8ii.com/wp-content/uploads/2017/04/Career-Image-6-uai-258x167.png]
[www.expay.asia/i/no.png]
[d8ii.com/wp-content/uploads/2017/04/Itern-2-uai-258x307.png]
[d8ii.com/wp-content/uploads/2017/04/Itern-1-uai-258x307.png]
[d8ii.com/wp-content/uploads/2017/04/Itern-3-uai-258x307.png]
[d8ii.com/wp-content/uploads/2017/04/Itern-Avatar-2.png]
[d8ii.com/wp-content/uploads/2017/04/Itern-Avatar-3.png]
[d8ii.com/wp-content/uploads/2017/04/Itern-Avatar-1.png]
[d8ii.com/wp-content/uploads/2017/03/Map-uai-258x159.png]
[octotrip.com/wp-json/oembed/1.0/embeda934.json]
[www.zanroo.com/index.html]
[octotrip.com/wp-json/index.html]
[gmpg.org/xfn/default.css]
[d8ii.com/indexe989.html]
[octotrip.com/wp-json/oembed/1.0/embed2c3f]
[d8ii.com/index9650.html]
[d8ii.com/wp-content/uploads/2017/04/Current-Openings-1.svg]
[octotrip.com/wp-json/oembed/1.0/embed5a9e.json]
[d8ii.com/wp-content/uploads/2017/04/Current-Openings-4.svg]
[octotrip.com/wp-json/oembed/1.0/embedc95a]
[d8ii.com/wp-content/uploads/2017/04/Current-Openings-2.svg]
[octotrip.com/wp-json/oembed/1.0/embed57ab.json]
[d8ii.com/wp-content/uploads/2017/04/Current-Openings-5.svg]
[octotrip.com/wp-json/oembed/1.0/embede858]
[d8ii.com/wp-content/uploads/2017/04/Current-Openings-7.svg]
[octotrip.com/wp-json/oembed/1.0/embed300c.json]
[octotrip.com/wp-json/oembed/1.0/embed2897]
[d8ii.com/wp-content/uploads/2017/04/Current-Openings-3.svg]
[d8ii.com/wp-content/uploads/2017/04/Current-Openings-6.svg]
[octotrip.com/wp-json/oembed/1.0/embed7606.json]
[octotrip.com/wp-json/oembed/1.0/embed4d5a]
[d8ii.com/index63cd.html]
[www.fourleaf.life/en/wp-json/index.html]
[octotrip.com/indexd89f.html]
[octotrip.com/indexaf0b.html]
[octotrip.com/indexe6c7.html]
[octotrip.com/indexcbc2.html]
[octotrip.com/index0c5d.html]
[www.zanroo.com/favicon-32x32.png]
[www.zanroo.com/favicon-16x16.png]
[www.zanroo.com/index.html]
[www.zanroo.com/manifest.json]
[www.fourleaf.life/wp-content/themes/fourleaf/css/bootstrap.min.css]
[www.zanroo.com/wp-content/uploads/2017/03/howzanroowork.png]
[www.fourleaf.life/wp-content/themes/fourleaf/css/font-awesome.min.css]
[www.zanroo.com/wp-content/uploads/2009/03/dogpopcorn.png]
[www.fourleaf.life/wp-content/themes/fourleaf/css/swipebox.css]
[www.zanroo.com/wp-content/uploads/2009/03/popcorn1.png]
[www.fourleaf.life/wp-content/themes/fourleaf/css/style.css]
[www.zanroo.com/wp-content/uploads/2009/03/popcorn2.png]
[www.fourleaf.life/wp-content/plugins/contact-form-7/includes/css/styles20fd.css]
[www.zanroo.com/wp-content/uploads/2009/03/popcorn3.png]
[www.fourleaf.life/wp-content/plugins/rs-likes/public/css/rs-likes-public8a54.css]
[www.zanroo.com/wp-content/uploads/2017/03/icon_brandevaluation.png]
[www.fourleaf.life/wp-content/plugins/wc-responsive-video/includes/css/style252d.css]
[www.zanroo.com/wp-content/uploads/2017/03/icon_marketbenchmark.png]
[www.fourleaf.life/wp-content/plugins/addthis/frontend/build/addthis_wordpress_public.minae9e.css]
[www.zanroo.com/wp-content/uploads/2017/03/icon_campaignmanagement.png]
[www.fourleaf.life/wp-content/plugins/youtube-embed-plus/styles/ytprefs.minae9e.css]
[www.zanroo.com/wp-content/uploads/2017/03/icon_influenceranalytics.png]
[www.zanroo.com/wp-content/uploads/2017/03/icon_crisismanagement.png]
[www.fourleaf.life/wp-content/themes/fourleaf/images/logo.svg]
[www.zanroo.com/wp-content/uploads/2017/03/icon_demandtracking.png]
[www.fourleaf.life/wp-content/themes/fourleaf/images/close_btn.svg]
[www.zanroo.com/wp-content/uploads/2017/03/icon_callcenter.png]
[www.fourleaf.life/wp-content/themes/fourleaf/images/play_btn2.svg]
[www.zanroo.com/wp-content/uploads/2017/03/icon_onscreen.png]
[www.fourleaf.life/wp-content/uploads/2016/12/img1.svg]
[www.zanroo.com/wp-content/uploads/2017/03/icon_onmobile.png]
[www.fourleaf.life/wp-content/uploads/2016/12/icon1.svg]
[www.zanroo.com/wp-content/uploads/2017/03/label_appstore.png]
[www.fourleaf.life/wp-content/uploads/2016/12/icon2.svg]
[www.zanroo.com/wp-content/uploads/2017/03/label_googleplay.png]
[www.fourleaf.life/wp-content/uploads/2016/12/icon3.svg]
[www.zanroo.com/wp-content/uploads/2009/03/dog.png]
[www.fourleaf.life/wp-content/uploads/2016/12/img2.svg]
[www.zanroo.com/wp-content/uploads/2009/03/cellphone1.png]
[www.fourleaf.life/wp-content/uploads/2016/12/icon4.svg]
[www.zanroo.com/wp-content/uploads/2009/03/cellphone2.png]
[www.fourleaf.life/wp-content/uploads/2016/12/icon5.svg]
[www.zanroo.com/wp-content/uploads/2009/03/graphic1.png]
[www.fourleaf.life/wp-content/uploads/2016/12/icon6.svg]
[www.zanroo.com/wp-content/uploads/2009/03/graphic2.png]
[www.fourleaf.life/wp-content/uploads/2016/12/img3.svg]
[www.zanroo.com/wp-content/uploads/2017/03/icon_sociallistening.png]
[www.fourleaf.life/wp-content/uploads/2016/12/icon7.svg]
[www.zanroo.com/wp-content/uploads/2017/03/icon_socialengagement.png]
[www.fourleaf.life/wp-content/uploads/2016/12/icon8.svg]
[www.zanroo.com/wp-content/uploads/2017/03/icon_socialresearch.png]
[www.fourleaf.life/wp-content/uploads/2016/12/icon9.svg]
[www.zanroo.com/wp-content/uploads/2017/03/icon_insight.png]
[www.fourleaf.life/wp-content/themes/fourleaf/images/triangle.svg]
[www.zanroo.com/wp-content/uploads/2017/03/icon_relationship.png]
[www.fourleaf.life/wp-content/themes/fourleaf/images/fb.svg]
[www.zanroo.com/wp-content/uploads/2017/03/icon_business.png]
[www.fourleaf.life/wp-content/themes/fourleaf/images/tw.svg]
[www.zanroo.com/wp-content/uploads/2009/03/dog2.png]
[connect.facebook.net/en_US/sdk.js]
[www.zanroo.com/wp-content/uploads/2009/03/desktop.png]
[www.zanroo.com/apple-touch-icon.html]
[www.zanroo.com/wp-content/uploads/2009/03/element1.png]
[www.zanroo.com/safari-pinned-tab.html]
[www.zanroo.com/wp-content/uploads/2009/03/element2.png]
[www.zanroo.com/wp-includes/js/jquery/jqueryb8ff.js]
[www.zanroo.com/wp-content/uploads/2009/03/element3.png]
[www.zanroo.com/wp-content/plugins/simple-job-board/public/css/font-awesome.min1849.css]
[www.zanroo.com/wp-content/uploads/2009/03/element4.png]
[www.zanroo.com/wp-content/plugins/simple-job-board/public/css/jquery-ui35d0.css]
[www.zanroo.com/wp-content/plugins/widgetkit/cache/uikit2-44ac5bdaee45.js]
[www.zanroo.com/wp-content/plugins/simple-job-board/public/css/simple-job-board-public6e0e.css]
[www.zanroo.com/wp-json/index.html]
[www.zanroo.com/wp-content/plugins/sitepress-multilingual-cms/templates/language-switchers/legacy-dropdown/style68b3.css]
[www.zanroo.com/wp-includes/js/jquery/jquery-migrate.min330a.js]
[www.zanroo.com/wp-content/plugins/wysija-newsletters/css/validationEngine.jqueryb246.css]
[www.zanroo.com/wp-content/plugins/sitepress-multilingual-cms/templates/language-switchers/legacy-dropdown/script68b3.js]
[www.zanroo.com/wp-content/plugins/wordpress-popular-posts/style/wpp7984.css]
[www.zanroo.com/wp-content/plugins/widgetkit/cache/wk-scripts-ba715a6cee45.js]
[www.zanroo.com/wp-content/plugins/wr-megamenu/assets/3rd-party/bs3/bootstrap/css/bootstrap.min6e0e.css]
[www.zanroo.com/xmlrpc0db0.php]
[www.zanroo.com/wp-content/plugins/wr-megamenu/assets/3rd-party/bs3/font-icomoon/css/icomoon.css]
[www.zanroo.com/wp-includes/wlwmanifest.xml]
[www.zanroo.com/wp-content/plugins/wr-megamenu/assets/3rd-party/font-awesome/css/font-awesome.minb2f9.css]
[www.zanroo.com/wp-content/themes/yoo_master2_wp/warp/vendor/uikit/js/uikit.js]
[www.zanroo.com/wp-content/plugins/wr-megamenu/assets/css/frontend.css]
[www.zanroo.com/wp-content/themes/yoo_master2_wp/warp/vendor/uikit/js/components/autocomplete.js]
[www.googletagmanager.com/gtm5445.html]
[www.zanroo.com/wp-json/oembed/1.0/embed676e.json]
[www.zanroo.com/wp-content/themes/yoo_master2_wp/css/theme.css]
[www.zanroo.com/wp-json/oembed/1.0/embed5766]
[www.zanroo.com/wp-content/themes/yoo_master2_wp/css/custom.css]
[www.zanroo.com/request-demo/index.html]
[www.zanroo.com/products/industry-competition/index.html]
[www.zanroo.com/products/campaign-optimization/index.html]
[www.zanroo.com/products/influencer-analytics/index.html]
[www.zanroo.com/products/crisis-management/index.html]
[www.zanroo.com/products/online-call-center/index.html]
[www.zanroo.com/wp-content/themes/yoo_master2_wp/warp/vendor/uikit/js/components/search.js]
[www.zanroo.com/category/inzight/index.html]
[www.zanroo.com/wp-content/themes/yoo_master2_wp/warp/vendor/uikit/js/components/tooltip.js]
[demo.zanroo.com/wp-content/uploads/2009/03/icon_inzight_library.html]
[www.zanroo.com/wp-content/themes/yoo_master2_wp/warp/vendor/uikit/js/components/parallax.js]
[demo.zanroo.com/wp-content/uploads/2009/03/icon_industry-inzight.html]
[www.zanroo.com/wp-content/uploads/2017/03/header_slide2-2.png]
[demo.zanroo.com/wp-content/uploads/2009/03/icon_case_inzight.html]
[www.zanroo.com/products/brand-evalution/index.html]
[www.zanroo.com/wp-content/uploads/2009/03/header_slide2-3.png]
[www.zanroo.com/wp-content/plugins/wr-megamenu/themes/default/default5152.css]
[www.zanroo.com/wp-content/uploads/2009/03/header_slide2-4-1.png]
[www.zanroo.com/wp-content/uploads/2009/03/zanroo_logo_footer.png]
[www.zanroo.com/homepage/brand-evaluation/index.html]
[www.zanroo.com/th/wp-json/index.html]
[www.zanroo.com/wp-content/themes/yoo_master2_wp/css/th.css]
[www.zanroo.com/wp-content/uploads/2009/03/header_slide1_th.png]
[www.zanroo.com/wp-content/themes/yoo_master2_wp/css/ja.css]
[www.zanroo.com/wp-content/plugins/wr-megamenu/assets/3rd-party/bs3/bootstrap/js/bootstrap_frontend.min5b75.js]
[www.zanroo.com/wp-content/uploads/2009/03/header_slide1_ja.png]
[www.zanroo.com/th/request-demo/index.html]
[www.zanroo.com/th/category/inzight-th/index.html]
[www.zanroo.com/th/category/inzight-th/inzight-libraries-th/index.html]
[www.zanroo.com/th/category/inzight-th/industry-inzight-th/index.html]
[www.zanroo.com/th/category/inzight-th/case-inzight-th/index.html]
[www.zanroo.com/th/about/index.html]
[www.zanroo.com/th/wp-json/oembed/1.0/embed88b6.json]
[maxcdn.bootstrapcdn.com/font-awesome/4.6.3/css/font-awesome.minee45.css]
[www.zanroo.com/wp-content/plugins/cool-timeline/css/ctl_styles.css]
[www.zanroo.com/wp-content/plugins/cool-timeline/css/animate.min.css]
[www.zanroo.com/wp-content/plugins/cool-timeline/css/prettyPhoto.css]
[www.zanroo.com/wp-json/oembed/1.0/embeddc9d.json]
[www.zanroo.com/wp-json/oembed/1.0/embedcb6a]
[www.zanroo.com/wp-json/oembed/1.0/embed24ce.json]
[www.zanroo.com/wp-json/oembed/1.0/embed6c85]
[www.expay.asia/css/jquery-ui.min.css]
[www.expay.asia/css/style.css]
[www.expay.asia/js/jquery-1.8.3.min.js]
[www.expay.asia/js/jquery-ui.min.js]
[www.trustmarkthai.com/trust_banners/bns_registered.gif]
[uyugames.com/assets/js/jquery.master-ck.html]
[uyugames.com/assets/js/jquery.contact.min.html]
